Archive member included to satisfy reference by file (symbol)

c:/program files (x86)/gnu tools arm embedded/5.3 2016q1/bin/../lib/gcc/arm-none-eabi/5.3.1/armv7-m\libgcc.a(_arm_addsubdf3.o)
                              signal_pin.o (__aeabi_i2d)
c:/program files (x86)/gnu tools arm embedded/5.3 2016q1/bin/../lib/gcc/arm-none-eabi/5.3.1/armv7-m\libgcc.a(_arm_muldivdf3.o)
                              signal_pin.o (__aeabi_dmul)
c:/program files (x86)/gnu tools arm embedded/5.3 2016q1/bin/../lib/gcc/arm-none-eabi/5.3.1/armv7-m\libgcc.a(_arm_fixdfsi.o)
                              signal_pin.o (__aeabi_d2iz)

Allocating common symbols
Common symbol       size              file

__dso_handle        0x4               bmptk_cortex.o

Discarded input sections

 .group         0x00000000        0x8 signal_pin.o
 .group         0x00000000        0x8 signal_pin.o
 .group         0x00000000        0x8 signal_pin.o
 .group         0x00000000        0x8 signal_pin.o
 .group         0x00000000        0x8 signal_pin.o
 .group         0x00000000        0x8 signal_pin.o
 .group         0x00000000        0x8 signal_pin.o
 .group         0x00000000        0x8 signal_pin.o
 .group         0x00000000        0x8 signal_pin.o
 .group         0x00000000        0x8 signal_pin.o
 .group         0x00000000        0x8 signal_pin.o
 .group         0x00000000        0x8 signal_pin.o
 .group         0x00000000        0x8 signal_pin.o
 .group         0x00000000        0x8 signal_pin.o
 .group         0x00000000        0x8 signal_pin.o
 .group         0x00000000        0x8 signal_pin.o
 .group         0x00000000        0x8 signal_pin.o
 .group         0x00000000        0x8 signal_pin.o
 .group         0x00000000        0x8 signal_pin.o
 .group         0x00000000        0x8 signal_pin.o
 .group         0x00000000        0x8 signal_pin.o
 .group         0x00000000        0x8 signal_pin.o
 .text          0x00000000        0x0 signal_pin.o
 .data          0x00000000        0x0 signal_pin.o
 .bss           0x00000000        0x0 signal_pin.o
 .text._ZN5hwlib19_pin_in_dummy_class3getEv
                0x00000000        0x4 signal_pin.o
 .text._ZN5hwlib20_pin_out_dummy_class3setEb
                0x00000000        0x2 signal_pin.o
 .text._ZN5hwlib23_pin_in_out_dummy_class3setEb
                0x00000000        0x2 signal_pin.o
 .text._ZN5hwlib23_pin_in_out_dummy_class3getEv
                0x00000000        0x4 signal_pin.o
 .text._ZN5hwlib23_pin_in_out_dummy_class19direction_set_inputEv
                0x00000000        0x2 signal_pin.o
 .text._ZN5hwlib23_pin_in_out_dummy_class20direction_set_outputEv
                0x00000000        0x2 signal_pin.o
 .text._ZN5hwlib19_pin_oc_dummy_class3setEb
                0x00000000        0x2 signal_pin.o
 .text._ZN5hwlib19_pin_oc_dummy_class3getEv
                0x00000000        0x4 signal_pin.o
 .text._ZN5hwlib6window5writeENS_8locationENS_5colorE
                0x00000000       0x3e signal_pin.o
 .text._ZN5hwlib4line4drawERNS_6windowE
                0x00000000       0xa4 signal_pin.o
 .text._ZN5hwlib6circle4drawERNS_6windowE
                0x00000000      0x2ec signal_pin.o
 .text._ZN5hwlib4randEv
                0x00000000       0x20 signal_pin.o
 .text._ZN5hwlib15random_in_rangeEjj
                0x00000000       0x1a signal_pin.o
 .text._ZN3due8pin_infoENS_4pinsE
                0x00000000       0x20 signal_pin.o
 .text._ZN5hwlib7wait_nsEi
                0x00000000       0x10 signal_pin.o
 .text._ZN5hwlib5blinkERNS_7pin_outEi
                0x00000000       0x28 signal_pin.o
 .text._ZN5hwlib4kittERNS_11port_in_outEi
                0x00000000       0x54 signal_pin.o
 .text._ZN5hwlib4kittERNS_8port_outEi
                0x00000000       0x4e signal_pin.o
 .text._ZN5hwlib4kittERNS_7port_ocEi
                0x00000000       0x4e signal_pin.o
 .text._ZN5hwlib21graphics_random_linesERNS_6windowE
                0x00000000       0xe8 signal_pin.o
 .text._ZN5hwlib23graphics_random_circlesERNS_6windowE
                0x00000000       0x8c signal_pin.o
 .rodata._ZTVN5hwlib19_pin_in_dummy_classE
                0x00000000        0xc signal_pin.o
 .rodata._ZTVN5hwlib20_pin_out_dummy_classE
                0x00000000        0xc signal_pin.o
 .rodata._ZTVN5hwlib23_pin_in_out_dummy_classE
                0x00000000       0x18 signal_pin.o
 .rodata._ZTVN5hwlib19_pin_oc_dummy_classE
                0x00000000       0x10 signal_pin.o
 .rodata._ZTVN5hwlib4lineE
                0x00000000        0xc signal_pin.o
 .rodata._ZTVN5hwlib6circleE
                0x00000000        0xc signal_pin.o
 .data._ZN5hwlib12pin_in_dummyE
                0x00000000        0x4 signal_pin.o
 .data._ZN5hwlib16pin_in_out_dummyE
                0x00000000        0x4 signal_pin.o
 .bss._ZZN5hwlib4randEvE1n
                0x00000000        0x4 signal_pin.o
 .data._ZN5hwlib13pin_out_dummyE
                0x00000000        0x4 signal_pin.o
 .rodata._ZZN3due8pin_infoENS_4pinsEE14pin_info_array
                0x00000000       0xa4 signal_pin.o
 .data._ZN5hwlib12pin_oc_dummyE
                0x00000000        0x4 signal_pin.o
 .group         0x00000000        0x8 main.o
 .group         0x00000000        0x8 main.o
 .group         0x00000000        0x8 main.o
 .group         0x00000000        0x8 main.o
 .group         0x00000000        0x8 main.o
 .group         0x00000000        0x8 main.o
 .group         0x00000000        0x8 main.o
 .group         0x00000000        0x8 main.o
 .group         0x00000000        0x8 main.o
 .group         0x00000000        0x8 main.o
 .group         0x00000000        0x8 main.o
 .group         0x00000000        0x8 main.o
 .group         0x00000000        0x8 main.o
 .group         0x00000000        0x8 main.o
 .group         0x00000000        0x8 main.o
 .group         0x00000000        0x8 main.o
 .group         0x00000000        0x8 main.o
 .group         0x00000000        0x8 main.o
 .group         0x00000000        0x8 main.o
 .group         0x00000000        0x8 main.o
 .group         0x00000000        0x8 main.o
 .group         0x00000000        0x8 main.o
 .group         0x00000000        0x8 main.o
 .group         0x00000000        0x8 main.o
 .group         0x00000000        0x8 main.o
 .group         0x00000000        0x8 main.o
 .group         0x00000000        0x8 main.o
 .text          0x00000000        0x0 main.o
 .data          0x00000000        0x0 main.o
 .bss           0x00000000        0x0 main.o
 .text._ZN5hwlib19_pin_in_dummy_class3getEv
                0x00000000        0x4 main.o
 .text._ZN5hwlib20_pin_out_dummy_class3setEb
                0x00000000        0x2 main.o
 .text._ZN5hwlib23_pin_in_out_dummy_class3setEb
                0x00000000        0x2 main.o
 .text._ZN5hwlib23_pin_in_out_dummy_class3getEv
                0x00000000        0x4 main.o
 .text._ZN5hwlib23_pin_in_out_dummy_class19direction_set_inputEv
                0x00000000        0x2 main.o
 .text._ZN5hwlib23_pin_in_out_dummy_class20direction_set_outputEv
                0x00000000        0x2 main.o
 .text._ZN5hwlib19_pin_oc_dummy_class3setEb
                0x00000000        0x2 main.o
 .text._ZN5hwlib19_pin_oc_dummy_class3getEv
                0x00000000        0x4 main.o
 .text._ZN5hwlib7ostream5flushEv
                0x00000000        0x2 main.o
 .text._ZN3due7pin_out3setEb
                0x00000000        0xe main.o
 .text._ZN5hwlib6window5writeENS_8locationENS_5colorE
                0x00000000       0x3e main.o
 .text._ZN5hwlib4line4drawERNS_6windowE
                0x00000000       0xa4 main.o
 .text._ZN5hwlib6circle4drawERNS_6windowE
                0x00000000      0x2ec main.o
 .text._ZN5hwlib4randEv
                0x00000000       0x20 main.o
 .text._ZN5hwlib15random_in_rangeEjj
                0x00000000       0x1a main.o
 .text._ZN3due8pin_infoENS_4pinsE
                0x00000000       0x20 main.o
 .text._ZN3due11ad_pin_infoENS_7ad_pinsE
                0x00000000       0x1c main.o
 .text._ZN3due11ad_seq_infoEi
                0x00000000       0x20 main.o
 .text._ZN3due14port_registersEi
                0x00000000       0x48 main.o
 .text._ZN5hwlib7wait_usEi
                0x00000000       0x28 main.o
 .text._ZN5hwlib24uart_putc_bit_banged_pinEcRNS_7pin_outE
                0x00000000       0x5c main.o
 .text._ZN5hwlib7wait_nsEi
                0x00000000       0x10 main.o
 .text._ZN5hwlib7wait_msEi
                0x00000000       0x16 main.o
 .text._ZN5hwlib5blinkERNS_7pin_outEi
                0x00000000       0x28 main.o
 .text._ZN5hwlib4kittERNS_11port_in_outEi
                0x00000000       0x54 main.o
 .text._ZN5hwlib4kittERNS_8port_outEi
                0x00000000       0x4e main.o
 .text._ZN5hwlib4kittERNS_7port_ocEi
                0x00000000       0x4e main.o
 .text._ZN5hwlib21graphics_random_linesERNS_6windowE
                0x00000000       0xe8 main.o
 .text._ZN5hwlib23graphics_random_circlesERNS_6windowE
                0x00000000       0x8c main.o
 .text._ZN5hwlib9uart_putcEc
                0x00000000       0x3c main.o
 .text._ZN5hwlib20cout_using_uart_putc4putcEc
                0x00000000        0xa main.o
 .rodata._ZTVN5hwlib19_pin_in_dummy_classE
                0x00000000        0xc main.o
 .rodata._ZTVN5hwlib20_pin_out_dummy_classE
                0x00000000        0xc main.o
 .rodata._ZTVN5hwlib23_pin_in_out_dummy_classE
                0x00000000       0x18 main.o
 .rodata._ZTVN5hwlib19_pin_oc_dummy_classE
                0x00000000       0x10 main.o
 .rodata._ZTVN5hwlib20cout_using_uart_putcE
                0x00000000       0x10 main.o
 .rodata._ZTVN5hwlib4lineE
                0x00000000        0xc main.o
 .rodata._ZTVN5hwlib6circleE
                0x00000000        0xc main.o
 .rodata._ZTVN3due7pin_outE
                0x00000000        0xc main.o
 .bss._ZGVZN5hwlib9uart_putcEcE3pin
                0x00000000        0x4 main.o
 .data._ZN5hwlib12pin_in_dummyE
                0x00000000        0x4 main.o
 .data._ZN5hwlib16pin_in_out_dummyE
                0x00000000        0x4 main.o
 .bss._ZZN5hwlib9uart_putcEcE3pin
                0x00000000        0xc main.o
 .bss._ZZN5hwlib4randEvE1n
                0x00000000        0x4 main.o
 .data._ZN5hwlib13pin_out_dummyE
                0x00000000        0x4 main.o
 .rodata._ZZN3due11ad_pin_infoENS_7ad_pinsEE17ad_pin_info_array
                0x00000000        0xc main.o
 .data._ZN5hwlib4coutE
                0x00000000       0x14 main.o
 .rodata._ZZN3due8pin_infoENS_4pinsEE14pin_info_array
                0x00000000       0xa4 main.o
 .rodata._ZZN3due11ad_seq_infoEiE12ad_seq_array
                0x00000000       0x70 main.o
 .data._ZN5hwlib12pin_oc_dummyE
                0x00000000        0x4 main.o
 .text          0x00000000        0x0 bmptk_cortex.o
 .data          0x00000000        0x0 bmptk_cortex.o
 .bss           0x00000000        0x0 bmptk_cortex.o
 .text.__aeabi_idiv0
                0x00000000        0x4 bmptk_cortex.o
 .text.__cxa_pure_virtual
                0x00000000        0x2 bmptk_cortex.o
 COMMON         0x00000000        0x4 bmptk_cortex.o
 .text          0x00000000        0x0 bmptk_heap_none.o
 .data          0x00000000        0x0 bmptk_heap_none.o
 .bss           0x00000000        0x0 bmptk_heap_none.o
 .text.malloc   0x00000000        0xa bmptk_heap_none.o
 .text.free     0x00000000        0x4 bmptk_heap_none.o
 .text          0x00000000        0x0 bmptk_fixed_size_stack.o
 .data          0x00000000        0x0 bmptk_fixed_size_stack.o
 .bss           0x00000000        0x0 bmptk_fixed_size_stack.o
 .data          0x00000000        0x0 c:/program files (x86)/gnu tools arm embedded/5.3 2016q1/bin/../lib/gcc/arm-none-eabi/5.3.1/armv7-m\libgcc.a(_arm_addsubdf3.o)
 .bss           0x00000000        0x0 c:/program files (x86)/gnu tools arm embedded/5.3 2016q1/bin/../lib/gcc/arm-none-eabi/5.3.1/armv7-m\libgcc.a(_arm_addsubdf3.o)
 .data          0x00000000        0x0 c:/program files (x86)/gnu tools arm embedded/5.3 2016q1/bin/../lib/gcc/arm-none-eabi/5.3.1/armv7-m\libgcc.a(_arm_muldivdf3.o)
 .bss           0x00000000        0x0 c:/program files (x86)/gnu tools arm embedded/5.3 2016q1/bin/../lib/gcc/arm-none-eabi/5.3.1/armv7-m\libgcc.a(_arm_muldivdf3.o)
 .data          0x00000000        0x0 c:/program files (x86)/gnu tools arm embedded/5.3 2016q1/bin/../lib/gcc/arm-none-eabi/5.3.1/armv7-m\libgcc.a(_arm_fixdfsi.o)
 .bss           0x00000000        0x0 c:/program files (x86)/gnu tools arm embedded/5.3 2016q1/bin/../lib/gcc/arm-none-eabi/5.3.1/armv7-m\libgcc.a(_arm_fixdfsi.o)

Memory Configuration

Name             Origin             Length             Attributes
rom              0x00000000         0x00080000         xr
ram              0x20000000         0x00018000         xrw
nul              0x20000000         0x00000000         xrw
*default*        0x00000000         0xffffffff

Linker script and memory map

LOAD c:/program files (x86)/gnu tools arm embedded/5.3 2016q1/bin/../lib/gcc/arm-none-eabi/5.3.1/armv7-m\libgcc.a
LOAD signal_pin.o
LOAD main.o
LOAD bmptk_cortex.o
LOAD bmptk_heap_none.o
LOAD bmptk_fixed_size_stack.o
LOAD c:/program files (x86)/gnu tools arm embedded/5.3 2016q1/bin/../lib/gcc/arm-none-eabi/5.3.1/../../../../arm-none-eabi/lib/armv7-m\libstdc++.a
LOAD c:/program files (x86)/gnu tools arm embedded/5.3 2016q1/bin/../lib/gcc/arm-none-eabi/5.3.1/../../../../arm-none-eabi/lib/armv7-m\libm.a
START GROUP
LOAD c:/program files (x86)/gnu tools arm embedded/5.3 2016q1/bin/../lib/gcc/arm-none-eabi/5.3.1/armv7-m\libgcc.a
LOAD c:/program files (x86)/gnu tools arm embedded/5.3 2016q1/bin/../lib/gcc/arm-none-eabi/5.3.1/../../../../arm-none-eabi/lib/armv7-m\libc.a
END GROUP
                0x00000000                __rom_start = ORIGIN (rom)
                0x00080000                __rom_size = LENGTH (rom)
                0x00080000                __rom_end = (__rom_start + __rom_size)
                0x20000000                __ram_start = ORIGIN (ram)
                0x00018000                __ram_size = LENGTH (ram)
                0x20018000                __ram_end = (__ram_start + __ram_size)
                [!provide]                PROVIDE (__rom_start, __rom_start)
                [!provide]                PROVIDE (__rom_size, __rom_size)
                [!provide]                PROVIDE (__rom_end, __rom_end)
                [!provide]                PROVIDE (__ram_start, __ram_start)
                [!provide]                PROVIDE (__ram_size, __ram_size)
                [!provide]                PROVIDE (__ram_end, __ram_end)

.text           0x00000000      0xe80
                0x00000000                . = ALIGN (0x4)
                0x00000000                __text_start = .
                [!provide]                PROVIDE (__text_start, __text_start)
                0x00000000                . = ALIGN (0x4)
 *(.vectors)
 .vectors       0x00000000       0x20 bmptk_cortex.o
                0x00000000                __vectors
                0x00000020                . = ALIGN (0x4)
 *(.text .text.* .gnu.linkonce.t.*)
 .text._ZN5hwlib7ostream5flushEv
                0x00000020        0x2 signal_pin.o
                0x00000020                hwlib::ostream::flush()
 .text._ZN3due7pin_out3setEb
                0x00000022        0xe signal_pin.o
                0x00000022                due::pin_out::set(bool)
 .text._ZN3due11ad_pin_infoENS_7ad_pinsE
                0x00000030       0x1c signal_pin.o
                0x00000030                due::ad_pin_info(due::ad_pins)
 .text._ZN3due11ad_seq_infoEi
                0x0000004c       0x20 signal_pin.o
                0x0000004c                due::ad_seq_info(int)
 .text._ZN3due14port_registersEi
                0x0000006c       0x48 signal_pin.o
                0x0000006c                due::port_registers(int)
 *fill*         0x000000b4        0xc 
 .text._ZN5hwlib7wait_usEi
                0x000000c0       0x28 signal_pin.o
                0x000000c0                hwlib::wait_us(int)
 .text._ZN5hwlib24uart_putc_bit_banged_pinEcRNS_7pin_outE
                0x000000e8       0x5c signal_pin.o
                0x000000e8                hwlib::uart_putc_bit_banged_pin(char, hwlib::pin_out&)
 .text._ZN5hwlib7wait_msEi
                0x00000144       0x16 signal_pin.o
                0x00000144                hwlib::wait_ms(int)
 *fill*         0x0000015a        0x2 
 .text._ZN5hwlib9uart_putcEc
                0x0000015c       0x3c signal_pin.o
                0x0000015c                hwlib::uart_putc(char)
 .text._ZN5hwlib20cout_using_uart_putc4putcEc
                0x00000198        0xa signal_pin.o
                0x00000198                hwlib::cout_using_uart_putc::putc(char)
 .text._ZN6signalC2ERA300_iiiiii
                0x000001a2       0x14 signal_pin.o
                0x000001a2                signal::signal(int (&) [300], int, int, int, int, int)
                0x000001a2                signal::signal(int (&) [300], int, int, int, int, int)
 .text._ZN6signal12find_averageEv
                0x000001b6       0x2a signal_pin.o
                0x000001b6                signal::find_average()
 .text._ZN6signal14find_frequencyEv
                0x000001e0       0x50 signal_pin.o
                0x000001e0                signal::find_frequency()
 .text._ZN6signal14find_intensityEv
                0x00000230       0x40 signal_pin.o
                0x00000230                signal::find_intensity()
 .text._ZN5hwlib7ostream6fillerEi
                0x00000270       0x1a main.o
                0x00000270                hwlib::ostream::filler(int)
 .text._ZN5hwliblsERNS_7ostreamEPKc
                0x0000028a       0x54 main.o
                0x0000028a                hwlib::operator<<(hwlib::ostream&, char const*)
 .text._ZN5hwliblsERNS_7ostreamEi
                0x000002de       0xd4 main.o
                0x000002de                hwlib::operator<<(hwlib::ostream&, int)
 *fill*         0x000003b2        0x2 
 .text._ZN3due7pin_adc3getEv
                0x000003b4       0x24 main.o
                0x000003b4                due::pin_adc::get()
 .text.startup.main
                0x000003d8      0x198 main.o
                0x000003d8                main
 .text.__startup
                0x00000570       0x48 bmptk_cortex.o
                0x00000570                __startup
 .text          0x000005b8      0x370 c:/program files (x86)/gnu tools arm embedded/5.3 2016q1/bin/../lib/gcc/arm-none-eabi/5.3.1/armv7-m\libgcc.a(_arm_addsubdf3.o)
                0x000005b8                __aeabi_drsub
                0x000005c0                __aeabi_dsub
                0x000005c0                __subdf3
                0x000005c4                __aeabi_dadd
                0x000005c4                __adddf3
                0x0000083c                __floatunsidf
                0x0000083c                __aeabi_ui2d
                0x0000085c                __floatsidf
                0x0000085c                __aeabi_i2d
                0x00000880                __aeabi_f2d
                0x00000880                __extendsfdf2
                0x000008bc                __floatundidf
                0x000008bc                __aeabi_ul2d
                0x000008cc                __floatdidf
                0x000008cc                __aeabi_l2d
 .text          0x00000928      0x424 c:/program files (x86)/gnu tools arm embedded/5.3 2016q1/bin/../lib/gcc/arm-none-eabi/5.3.1/armv7-m\libgcc.a(_arm_muldivdf3.o)
                0x00000928                __aeabi_dmul
                0x00000928                __muldf3
                0x00000b7c                __divdf3
                0x00000b7c                __aeabi_ddiv
 .text          0x00000d4c       0x50 c:/program files (x86)/gnu tools arm embedded/5.3 2016q1/bin/../lib/gcc/arm-none-eabi/5.3.1/armv7-m\libgcc.a(_arm_fixdfsi.o)
                0x00000d4c                __aeabi_d2iz
                0x00000d4c                __fixdfsi
                0x00000d9c                . = ALIGN (0x4)
 *(.glue_7t .glue_7)
 .glue_7        0x00000d9c        0x0 linker stubs
 .glue_7t       0x00000d9c        0x0 linker stubs
                0x00000d9c                . = ALIGN (0x4)
 *(.rodata .rodata.* .gnu.linkonce.r.*)
 .rodata._ZTVN5hwlib20cout_using_uart_putcE
                0x00000d9c       0x10 signal_pin.o
                0x00000d9c                vtable for hwlib::cout_using_uart_putc
 .rodata._ZTVN3due7pin_outE
                0x00000dac        0xc signal_pin.o
                0x00000dac                vtable for due::pin_out
 .rodata.str1.1
                0x00000db8       0x17 signal_pin.o
 .rodata._ZZN3due11ad_pin_infoENS_7ad_pinsEE17ad_pin_info_array
                0x00000dcf        0xc signal_pin.o
 *fill*         0x00000ddb        0x1 
 .rodata._ZZN3due11ad_seq_infoEiE12ad_seq_array
                0x00000ddc       0x70 signal_pin.o
 .rodata._ZTVN3due7pin_adcE
                0x00000e4c        0xc main.o
                0x00000e4c                vtable for due::pin_adc
 .rodata.str1.1
                0x00000e58       0x26 main.o
                                 0x3d (size before relaxing)
                0x00000e80                . = ALIGN (0x4)
 *fill*         0x00000e7e        0x2 
 *(.ARM.extab* .gnu.linkonce.armextab.*)
                0x00000e80                . = ALIGN (0x4)
 *(.gcc_except_table)
                0x00000e80                . = ALIGN (0x4)
 *(.eh_frame_hdr)
                0x00000e80                . = ALIGN (0x4)
 *(.eh_frame)
                0x00000e80                . = ALIGN (0x4)
                0x00000e80                __text_end = .
                [!provide]                PROVIDE (__text_end, __text_end)

.vfp11_veneer   0x00000e80        0x0
 .vfp11_veneer  0x00000e80        0x0 linker stubs

.v4_bx          0x00000e80        0x0
 .v4_bx         0x00000e80        0x0 linker stubs

.iplt           0x00000e80        0x0
 .iplt          0x00000e80        0x0 signal_pin.o

.rel.dyn        0x00000e80        0x0
 .rel.iplt      0x00000e80        0x0 signal_pin.o

.IF_YOU_SEE_THIS_YOU_HAVE_ONE_OR_MORE_GLOBAL_OBJECT_CONSTRUCTORS
 *(.init)
 *(.preinit_array)
 *(SORT(.init_array.*))
 *(.init_array)
                0x00000e80                . = ALIGN (0x4)
                0x00000e80                __exidx_start = .
                [!provide]                PROVIDE (__exidx_start, __exidx_start)

.ARM.exidx
 *(.ARM.exidx* .gnu.linkonce.armexidx.*)
                0x00000e80                . = ALIGN (0x4)
                0x00000e80                __exidx_end = .
                [!provide]                PROVIDE (__exidx_end, __exidx_end)

.bss            0x20000000    0x12010
                0x20000000                . = ALIGN (0x4)
                0x20000000                __stack_start = .
                [!provide]                PROVIDE (__stack_start, __stack_start)
                0x20000000                . = ALIGN (0x4)
 *(.bmptk_stack)
 .bmptk_stack   0x20000000    0x12000 bmptk_fixed_size_stack.o
                0x20000000                bmptk_stack
                0x20012000                . = ALIGN (0x8)
                0x20012000                __main_stack_end = .
                [!provide]                PROVIDE (__main_stack_end, __main_stack_end)
                0x20012000                . = ALIGN (0x4)
                0x20012000                __stack_end = .
                [!provide]                PROVIDE (__stack_end, __stack_end)
                0x20012000                . = ALIGN (0x4)
                0x20012000                __bss_start = .
                [!provide]                PROVIDE (__bss_start, __bss_start)
                0x20012000                . = ALIGN (0x4)
 *(.bss .bss.* .gnu.linkonce.b.*)
 .bss._ZGVZN5hwlib9uart_putcEcE3pin
                0x20012000        0x4 signal_pin.o
 .bss._ZZN5hwlib9uart_putcEcE3pin
                0x20012004        0xc signal_pin.o
                0x20012010                . = ALIGN (0x4)
 *(COMMON)
                0x20012010                . = ALIGN (0x4)
                0x20012010                __bss_end = .
                [!provide]                PROVIDE (__bss_end, __bss_end)

.data           0x20012010       0x14 load address 0x00000e80
                0x20012010                . = ALIGN (0x4)
                0x00000e80                __data_init_start = LOADADDR (.data)
                [!provide]                PROVIDE (__data_init_start, __data_init_start)
                0x20012010                __data_start = .
                [!provide]                PROVIDE (__data_start, __data_start)
                0x20012010                . = ALIGN (0x4)
 *(.data .data.* .gnu.linkonce.d.*)
 .data._ZN5hwlib4coutE
                0x20012010       0x14 signal_pin.o
                0x20012010                hwlib::cout
                0x20012024                . = ALIGN (0x4)
                0x20012024                __data_end = .
                [!provide]                PROVIDE (__data_end, __data_end)
                0x00000e80                __data_init_end = LOADADDR (.data)
                [!provide]                PROVIDE (__data_init_end, __data_init_end)
                0x00000014                PROVIDE (__data_size, (__data_end - __data_start))
                0x00000014                PROVIDE (__data_init_size, __data_size)
                [!provide]                PROVIDE (__data_init_end, (__data_init_start + __data_init_size))

.igot.plt       0x20012024        0x0 load address 0x00000e94
 .igot.plt      0x20012024        0x0 signal_pin.o
                0x20012024                . = ALIGN (0x4)
                0x20012024                __heap_start = .
                [!provide]                PROVIDE (__heap_start, __heap_start)
                0x20012024                . = ALIGN (0x4)
                0x20018000                __heap_end = __ram_end
                [!provide]                PROVIDE (__heap_end, __heap_end)

.stab
 *(.stab)

.stabstr
 *(.stabstr)

.debug
 *(.debug)

.line
 *(.line)

.debug_srcinfo
 *(.debug_srcinfo)

.debug_sfnames
 *(.debug_sfnames)

.debug_aranges
 *(.debug_aranges)

.debug_pubnames
 *(.debug_pubnames)

.debug_info
 *(.debug_info .gnu.linkonce.wi.*)

.debug_abbrev
 *(.debug_abbrev)

.debug_line
 *(.debug_line)

.debug_frame
 *(.debug_frame)

.debug_str
 *(.debug_str)

.debug_loc
 *(.debug_loc)

.debug_macinfo
 *(.debug_macinfo)

.debug_weaknames
 *(.debug_weaknames)

.debug_funcnames
 *(.debug_funcnames)

.debug_typenames
 *(.debug_typenames)

.debug_varnames
 *(.debug_varnames)

.note.gnu.arm.ident
 *(.note.gnu.arm.ident)

.ARM.attributes
                0x00000000       0x33
 *(.ARM.attributes)
 .ARM.attributes
                0x00000000       0x33 signal_pin.o
 .ARM.attributes
                0x00000033       0x33 main.o
 .ARM.attributes
                0x00000066       0x33 bmptk_cortex.o
 .ARM.attributes
                0x00000099       0x33 bmptk_heap_none.o
 .ARM.attributes
                0x000000cc       0x33 bmptk_fixed_size_stack.o
 .ARM.attributes
                0x000000ff       0x1d c:/program files (x86)/gnu tools arm embedded/5.3 2016q1/bin/../lib/gcc/arm-none-eabi/5.3.1/armv7-m\libgcc.a(_arm_addsubdf3.o)
 .ARM.attributes
                0x0000011c       0x1d c:/program files (x86)/gnu tools arm embedded/5.3 2016q1/bin/../lib/gcc/arm-none-eabi/5.3.1/armv7-m\libgcc.a(_arm_muldivdf3.o)
 .ARM.attributes
                0x00000139       0x1d c:/program files (x86)/gnu tools arm embedded/5.3 2016q1/bin/../lib/gcc/arm-none-eabi/5.3.1/armv7-m\libgcc.a(_arm_fixdfsi.o)

/DISCARD/
 *(.note.GNU-stack)
                [!provide]                PROVIDE (__text_size, (__text_end - __text_start))
                [!provide]                PROVIDE (__exidx_size, (__exidx_end - __exidx_start))
                [!provide]                PROVIDE (__bss_size, (__bss_end - __bss_start))
                [!provide]                PROVIDE (__stack_size, (__stack_end - __stack_start))
                [!provide]                PROVIDE (__heap_size, (__heap_end - __heap_start))
OUTPUT(main.elf elf32-littlearm)

.comment        0x00000000       0x6e
 .comment       0x00000000       0x6e signal_pin.o
                                 0x6f (size before relaxing)
 .comment       0x0000006e       0x6f main.o
 .comment       0x0000006e       0x6f bmptk_cortex.o
 .comment       0x0000006e       0x6f bmptk_heap_none.o
 .comment       0x0000006e       0x6f bmptk_fixed_size_stack.o
